// Jest Snapshot v1, https://goo.gl/fbAQLP

exports[`shallow renders AirbnbList 1`] = `
<div>
  <CardDeck>
    <Airbnb
      buttonText="Add to cart"
      buttonVarient="primary"
      city="Denver"
      cost={130}
      country="USA"
      description=""
      houseType="Apartment"
      idx={0}
      image="https://images.unsplash.com/photo-1519424187720-db6d0fc5a5d2?ixlib=rb-0.3.5&ixid=eyJhcHBfaWQiOjEyMDd9&s=19f783ae564d7c6da4777cde1a84c1c9&auto=format&fit=crop&w=500&q=80"
      isInCart={false}
      key="0"
      onClick={[Function]}
      title="Denver apartment outside Union Station"
    />
  </CardDeck>
</div>
`;
