// Jest Snapshot v1, https://goo.gl/fbAQLP

exports[`shallow renders ShoppingCart 1`] = `
<div>
  <h2>
    Shopping Cart
  </h2>
  <div
    className="ShoppingCart"
  >
    <Airbnb
      buttonText="Remove from cart"
      buttonVarient="danger"
      city="Denver"
      cost={130}
      country="USA"
      description=""
      houseType="Apartment"
      idx={0}
      image="https://images.unsplash.com/photo-1519424187720-db6d0fc5a5d2?ixlib=rb-0.3.5&ixid=eyJhcHBfaWQiOjEyMDd9&s=19f783ae564d7c6da4777cde1a84c1c9&auto=format&fit=crop&w=500&q=80"
      isInCart={true}
      key="0"
      onClick={[Function]}
      title="Denver apartment outside Union Station"
    />
    <div
      className="price"
    >
      1
       Items 
      <br />
      Total: $
      130
    </div>
  </div>
</div>
`;
